---
source: tests/new.rs
expression: tree

---
{
  ".cargo": {
    "config.toml": "[cargo-new]\nname = \"\"\nemail = \"\"\n"
  },
  "compete.toml": "test-suite = \"{{ manifest_dir }}/testcases/{{ bin_alias | kebabcase }}.yml\"\n\n[template]\nsrc = '''\nfn main() {\n    todo!();\n}\n'''\n\n[template.new]\ndependencies = '''\nproconio = \"=0.3.6\"\n'''\n\n[new]\nplatform = \"atcoder\"\npath = \"./{{ package_name }}\"\n",
  "practice": {
    "Cargo.toml": "[package]\nname = \"practice\"\nversion = \"0.1.0\"\nauthors = [\"\"]\nedition = \"2018\"\n\n[package.metadata.cargo-compete.bin]\npractice-a = { alias = \"a\", problem = \"https://atcoder.jp/contests/practice/tasks/practice_1\" }\npractice-b = { alias = \"b\", problem = \"https://atcoder.jp/contests/practice/tasks/practice_2\" }\n\n[[bin]]\nname = \"practice-a\"\npath = \"src/bin/a.rs\"\n\n[[bin]]\nname = \"practice-b\"\npath = \"src/bin/b.rs\"\n[dependencies]\nproconio = \"=0.3.6\"\n",
    "src": {
      "bin": {
        "a.rs": "fn main() {\n    todo!();\n}\n",
        "b.rs": "fn main() {\n    todo!();\n}\n"
      }
    },
    "testcases": {
      "a": {
        "in": {},
        "out": {}
      },
      "a.yml": "---\ntype: Batch\ntimelimit: 2s\nmatch: Lines\n\ncases:\n  - name: sample1\n    in: |\n      1\n      2 3\n      test\n    out: |\n      6 test\n  - name: sample2\n    in: |\n      72\n      128 256\n      myonmyon\n    out: |\n      456 myonmyon\n\nextend:\n  - type: Text\n    path: \"./a\"\n    in: /in/*.txt\n    out: /out/*.txt\n",
      "b.yml": "---\ntype: Interactive\ntimelimit: 2s\n"
    }
  }
}
