---
source: tests/new.rs
expression: output

---
Username: Password:      Created `practice` package at {{ cwd }}{{ slash_or_backslash }}.{{ slash_or_backslash }}practice
       Saved 2 test cases to {{ cwd }}{{ slash_or_backslash }}.{{ slash_or_backslash }}practice{{ slash_or_backslash }}testcases{{ slash_or_backslash }}{a.yml, a{{ slash_or_backslash }}}
       Saved no test cases (interactive problem) to {{ cwd }}{{ slash_or_backslash }}.{{ slash_or_backslash }}practice{{ slash_or_backslash }}testcases{{ slash_or_backslash }}b.yml

