---
source: tests/new.rs
expression: output

---
     Created `agc047` package at {{ cwd }}{{ slash_or_backslash }}.{{ slash_or_backslash }}agc047
       Saved 2 test cases to {{ cwd }}{{ slash_or_backslash }}.{{ slash_or_backslash }}agc047{{ slash_or_backslash }}testcases{{ slash_or_backslash }}{a.yml, a{{ slash_or_backslash }}}
       Saved 2 test cases to {{ cwd }}{{ slash_or_backslash }}.{{ slash_or_backslash }}agc047{{ slash_or_backslash }}testcases{{ slash_or_backslash }}{b.yml, b{{ slash_or_backslash }}}
       Saved 2 test cases to {{ cwd }}{{ slash_or_backslash }}.{{ slash_or_backslash }}agc047{{ slash_or_backslash }}testcases{{ slash_or_backslash }}{c.yml, c{{ slash_or_backslash }}}
       Saved 3 test cases to {{ cwd }}{{ slash_or_backslash }}.{{ slash_or_backslash }}agc047{{ slash_or_backslash }}testcases{{ slash_or_backslash }}{d.yml, d{{ slash_or_backslash }}}
       Saved 1 test case to {{ cwd }}{{ slash_or_backslash }}.{{ slash_or_backslash }}agc047{{ slash_or_backslash }}testcases{{ slash_or_backslash }}{e.yml, e{{ slash_or_backslash }}}
       Saved 3 test cases to {{ cwd }}{{ slash_or_backslash }}.{{ slash_or_backslash }}agc047{{ slash_or_backslash }}testcases{{ slash_or_backslash }}{f.yml, f{{ slash_or_backslash }}}

