---
source: tests/new.rs
expression: output
---
     Created `abc003` package at {{ cwd }}{{ slash_or_backslash }}abc003
      Adding "abc003" to `workspace.members`
    Updating {{ cwd }}{{ slash_or_backslash }}Cargo.lock
       Saved 2 test cases to {{ cwd }}{{ slash_or_backslash }}testcases{{ slash_or_backslash }}abc003{{ slash_or_backslash }}a.yml
       Saved 3 test cases to {{ cwd }}{{ slash_or_backslash }}testcases{{ slash_or_backslash }}abc003{{ slash_or_backslash }}b.yml
       Saved 3 test cases to {{ cwd }}{{ slash_or_backslash }}testcases{{ slash_or_backslash }}abc003{{ slash_or_backslash }}c.yml
       Saved 4 test cases to {{ cwd }}{{ slash_or_backslash }}testcases{{ slash_or_backslash }}abc003{{ slash_or_backslash }}d.yml

